
> @speculate/frontend@3.0.0 build
> next build

   Γû▓ Next.js 15.5.7
   - Environments: .env.local, .env.production

   Creating an optimized production build ...
 Γ£ô Compiled successfully in 7.1s
   Skipping validation of types
   Skipping linting
   Collecting page data ...
node.exe : [TypeError: Cannot mix BigInt and other types, 
use explicit conversions]
At C:\Program Files\nodejs\npm.ps1:29 char:3
+   & $NODE_EXE $NPM_CLI_JS $args
+   ~~~~~~~~~~~~~~~~~~~~~~~~~~~~~
    + CategoryInfo          : NotSpecified: ([TypeError:  
   Can...it conversions]:String) [], RemoteException
    + FullyQualifiedErrorId : NativeCommandError
 
